
 Start  Stop   Length Name                   Class
 00000H 00041H 00042H SCROLL_TEXT            CODE
 00042H 00085H 00044H BKSCROLL_TEXT          CODE
 00090H 00D95H 00D06H CODE7                  CODE
 00DA0H 071E5H 06446H DISPLAYDATA            CODE
 071E6H 072F6H 00111H INTRPT_TEXT            CODE
 07300H 07910H 00611H _TEXT                  CODE
 07912H 079A9H 00098H LSCROLL_TEXT           CODE
 079AAH 07A3BH 00092H RSCROLL_TEXT           CODE
 07A3CH 07BA4H 00169H PBC_VIDT               CODE
 07BA6H 07E1FH 0027AH PBC_TIME               CODE
 07E20H 07ECBH 000ACH PBC_PRT                CODE
 07ECCH 080DFH 00214H PBC_DISK               CODE
 080E0H 08BB4H 00AD5H XMSSEG                 CODE
 08BC0H 09204H 00645H DATEFN_CODE            BC_CODE
 09210H 0A5FDH 013EEH ENTRY_CODE             BC_CODE
 0A5FEH 0A5FEH 00000H C_ETEXT                ENDCODE
 0A600H 0A600H 00000H FDATA                  FAR_DATA
 0A600H 0A657H 00058H FSL_CONST              FAR_DATA
 0A660H 0A660H 00000H FDATA                  FAR_DATA
 0A660H 0A6D7H 00078H FSL_CONST              FAR_DATA
 0A6E0H 0A6E0H 00000H FAR_DATA               FAR_DATA
 0A6E0H 0A6E0H 00000H FAR_BSS                FAR_BSS
 0A6E0H 0E98FH 042B0H NULL                   BEGDATA
 0E990H 0E9D5H 00046H _DATA                  DATA
 0E9D6H 0E9E3H 0000EH CDATA                  DATA
 0E9E4H 0EA01H 0001EH _BSS                   DATA
 0EA02H 0EA03H 00002H XIQC                   DATA
 0EA04H 0EA04H 00000H XIB                    DATA
 0EA04H 0EA04H 00000H XI                     DATA
 0EA04H 0EA04H 00000H XIE                    DATA
 0EA04H 0EA04H 00000H XPB                    DATA
 0EA04H 0EA04H 00000H XP                     DATA
 0EA04H 0EA04H 00000H XPE                    DATA
 0EA04H 0EA04H 00000H XCB                    DATA
 0EA04H 0EA04H 00000H XC                     DATA
 0EA04H 0EA04H 00000H XCE                    DATA
 0EA04H 0EA04H 00000H XECIB                  DATA
 0EA04H 0EA04H 00000H XECI                   DATA
 0EA04H 0EA04H 00000H XECIE                  DATA
 0EA04H 0EA11H 0000EH DBDATA                 DATA
 0EA20H 0EA20H 00000H BR_DATA                BLANK
 0EA20H 0EA20H 00000H BR_SKYS                BLANK
 0EA20H 0EA20H 00000H COMMON                 BLANK
 0EA20H 0EA45H 00026H BC_DATA                BC_DATA
 0EA46H 0EA47H 00002H NMALLOC                BC_VARS
 0EA48H 0EA49H 00002H ENMALLOC               BC_VARS
 0EA4AH 0EA4AH 00000H BC_FT                  BC_SEGS
 0EA50H 0EADDH 0008EH BC_CN                  BC_SEGS
 0EAE0H 0EAF2H 00013H BC_DS                  BC_SEGS
 0EAF4H 0EAF4H 00000H BC_SAB                 BC_SEGS
 0EAF4H 0EAFFH 0000CH BC_SA                  BC_SEGS
 0EB00H 0EBA6H 000A7H _BSS                   BSS
 0EBA8H 0EBA8H 00000H XOB                    BSS
 0EBA8H 0EBA8H 00000H XO                     BSS
 0EBA8H 0EBA8H 00000H XOE                    BSS
 0EBB0H 0EBB0H 00000H STACK                  STACK
 0EBB0H 0FFA0H 013F1H SYMBOL                 

 Origin   Group
 0A6E:0   DGROUP
 00DA:0   MYGROUP

Program entry point at 0EBB:0000
